// Jest Snapshot v1, https://goo.gl/fbAQLP

exports[`Snapshot Checks snapshot 1`] = `
<section
  class="search-results"
>
  <table>
    <tr
      id="buy_point_date"
    >
      <th>
        Best time to buy
      </th>
       
      <td>
        August 10th 2022, 8:26:41 am
      </td>
    </tr>
     
    <tr
      id="sell_point_date"
    >
      <th>
        Best time to sell
      </th>
       
      <td>
        August 10th 2022, 9:26:41 am
      </td>
    </tr>
     
    <tr
      id="stocks_count"
    >
      <th>
        Stocks count
      </th>
       
      <td>
        10.00
      </td>
    </tr>
     
    <tr
      id="buy_point_price"
    >
      <th>
        Stocks best price for buying 
      </th>
       
      <td>
        10 USD
      </td>
    </tr>
     
    <tr
      id="sell_point_price"
    >
      <th>
        Stocks best price for selling 
      </th>
       
      <td>
        100 USD
      </td>
    </tr>
     
    <tr
      id="funds"
    >
      <th>
        Your funds
      </th>
       
      <td>
        100 USD
      </td>
    </tr>
     
    <tr
      id="profit"
    >
      <th>
        Your profit
      </th>
       
      <td>
        900.00 USD
      </td>
    </tr>
  </table>
</section>
`;
